// Jest Snapshot v1, https://goo.gl/fbAQLP

exports[`welcome welcome snapshot 1`] = `
[
  <h1
    className="bg-orange-800 text-center"
  >
    Welcome to Tyler Smart's personal website! ðŸŽ‰
  </h1>,
  <p>
    This website is inspired by modern terminal applications.
  </p>,
  <p>
    To get started, try running the \`help\` command to see what commands are available.
  </p>,
]
`;
